-- The C compiler identification is GNU 13.3.0
-- The CXX compiler identification is GNU 13.3.0
-- Detecting C compiler ABI info
-- Detecting C compiler ABI info - done
-- Check for working C compiler: /usr/bin/cc - skipped
-- Detecting C compile features
-- Detecting C compile features - done
-- Detecting CXX compiler ABI info
-- Detecting CXX compiler ABI info - done
-- Check for working CXX compiler: /usr/bin/c++ - skipped
-- Detecting CXX compile features
-- Detecting CXX compile features - done
-- Found ament_cmake: 2.5.3 (/opt/ros/jazzy/share/ament_cmake/cmake)
-- Found Python3: /usr/bin/python3 (found version "3.12.3") found components: Interpreter 
-- Override CMake install command with custom implementation using symlinks instead of copying resources
-- Configuring done (0.9s)
-- Generating done (0.0s)
-- Build files have been written to: /home/lars/Downloads/ws/build/dummy_plan
-- Install configuration: ""
-- Execute custom install script
-- Symlinking: /home/lars/Downloads/ws/install/dummy_plan/share/ament_index/resource_index/package_run_dependencies/dummy_plan
-- Symlinking: /home/lars/Downloads/ws/install/dummy_plan/share/ament_index/resource_index/parent_prefix_path/dummy_plan
-- Symlinking: /home/lars/Downloads/ws/install/dummy_plan/share/dummy_plan/environment/ament_prefix_path.sh
-- Symlinking: /home/lars/Downloads/ws/install/dummy_plan/share/dummy_plan/environment/ament_prefix_path.dsv
-- Symlinking: /home/lars/Downloads/ws/install/dummy_plan/share/dummy_plan/environment/path.sh
-- Symlinking: /home/lars/Downloads/ws/install/dummy_plan/share/dummy_plan/environment/path.dsv
-- Symlinking: /home/lars/Downloads/ws/install/dummy_plan/share/dummy_plan/local_setup.bash
-- Symlinking: /home/lars/Downloads/ws/install/dummy_plan/share/dummy_plan/local_setup.sh
-- Symlinking: /home/lars/Downloads/ws/install/dummy_plan/share/dummy_plan/local_setup.zsh
-- Symlinking: /home/lars/Downloads/ws/install/dummy_plan/share/dummy_plan/local_setup.dsv
-- Symlinking: /home/lars/Downloads/ws/install/dummy_plan/share/dummy_plan/package.dsv
-- Symlinking: /home/lars/Downloads/ws/install/dummy_plan/share/ament_index/resource_index/packages/dummy_plan
-- Symlinking: /home/lars/Downloads/ws/install/dummy_plan/share/dummy_plan/cmake/dummy_planConfig.cmake
-- Symlinking: /home/lars/Downloads/ws/install/dummy_plan/share/dummy_plan/cmake/dummy_planConfig-version.cmake
-- Symlinking: /home/lars/Downloads/ws/install/dummy_plan/share/dummy_plan/package.xml
-- Symlinking: /home/lars/Downloads/ws/install/dummy_plan/share/dummy_plan/launch/demo.launch.py
-- Symlinking: /home/lars/Downloads/ws/install/dummy_plan/share/dummy_plan/launch/move_group.launch.py
-- Symlinking: /home/lars/Downloads/ws/install/dummy_plan/share/dummy_plan/launch/moveit_rviz.launch.py
-- Symlinking: /home/lars/Downloads/ws/install/dummy_plan/share/dummy_plan/launch/rsp.launch.py
-- Symlinking: /home/lars/Downloads/ws/install/dummy_plan/share/dummy_plan/launch/setup_assistant.launch.py
-- Symlinking: /home/lars/Downloads/ws/install/dummy_plan/share/dummy_plan/launch/spawn_controllers.launch.py
-- Symlinking: /home/lars/Downloads/ws/install/dummy_plan/share/dummy_plan/launch/static_virtual_joint_tfs.launch.py
-- Symlinking: /home/lars/Downloads/ws/install/dummy_plan/share/dummy_plan/launch/warehouse_db.launch.py
-- Symlinking: /home/lars/Downloads/ws/install/dummy_plan/share/dummy_plan/config/initial_positions.yaml
-- Symlinking: /home/lars/Downloads/ws/install/dummy_plan/share/dummy_plan/config/joint_limits.yaml
-- Symlinking: /home/lars/Downloads/ws/install/dummy_plan/share/dummy_plan/config/kinematics.yaml
-- Symlinking: /home/lars/Downloads/ws/install/dummy_plan/share/dummy_plan/config/moveit.rviz
-- Symlinking: /home/lars/Downloads/ws/install/dummy_plan/share/dummy_plan/config/moveit_controllers.yaml
-- Symlinking: /home/lars/Downloads/ws/install/dummy_plan/share/dummy_plan/config/pilz_cartesian_limits.yaml
-- Symlinking: /home/lars/Downloads/ws/install/dummy_plan/share/dummy_plan/config/ros2_controllers.yaml
-- Symlinking: /home/lars/Downloads/ws/install/dummy_plan/share/dummy_plan/config/smarty.ros2_control.xacro
-- Symlinking: /home/lars/Downloads/ws/install/dummy_plan/share/dummy_plan/config/smarty.srdf
-- Symlinking: /home/lars/Downloads/ws/install/dummy_plan/share/dummy_plan/config/smarty.urdf.xacro
-- Symlinking: /home/lars/Downloads/ws/install/dummy_plan/share/dummy_plan/.setup_assistant
